INFO 2026-05-21 10:20:35,694 pharmacy.app audit_log AUTH success user=tester ip=unknown
WARNING 2026-05-21 10:20:35,754 pharmacy.app audit_log AUTH failure user=bad_user ip=unknown reason=invalid_credentials
INFO 2026-05-21 10:20:35,764 pharmacy.app audit_log PURCHASE user=buyer medication=MED-1 qty=2 total=20.00 ip=unknown
WARNING 2026-05-21 10:20:35,774 pharmacy.app audit_log VALIDATION form=registration ip=unknown errors={'phone': ['ошибка']}
INFO 2026-05-21 10:20:36,823 pharmacy.app audit_log AUTH success user=test_customer ip=unknown
INFO 2026-05-21 10:20:38,926 pharmacy.app audit_log AUTH success user=test_owner ip=unknown
INFO 2026-05-21 10:20:41,578 pharmacy.app audit_log AUTH success user=test_customer ip=unknown
INFO 2026-05-21 10:20:42,123 pharmacy.app audit_log AUTH success user=test_owner ip=unknown
INFO 2026-05-21 10:20:42,665 pharmacy.app audit_log AUTH success user=test_owner ip=unknown
INFO 2026-05-21 10:20:47,638 pharmacy.app audit_log AUTH success user=test_customer ip=unknown
INFO 2026-05-21 10:20:47,666 pharmacy.app audit_log AUTH logout user=test_customer ip=unknown
INFO 2026-05-21 10:20:47,674 pharmacy.app audit_log AUTH success user=test_employee ip=unknown
INFO 2026-05-21 10:20:47,698 pharmacy.app audit_log AUTH logout user=test_employee ip=unknown
INFO 2026-05-21 10:20:47,705 pharmacy.app audit_log AUTH success user=test_owner ip=unknown
INFO 2026-05-21 10:20:49,340 pharmacy.app audit_log AUTH success user=test_customer ip=unknown
INFO 2026-05-21 10:20:49,357 pharmacy.app audit_log AUTH logout user=test_customer ip=unknown
INFO 2026-05-21 10:20:49,364 pharmacy.app audit_log AUTH success user=test_employee ip=unknown
INFO 2026-05-21 10:20:49,373 pharmacy.app audit_log AUTH logout user=test_employee ip=unknown
INFO 2026-05-21 10:20:49,380 pharmacy.app audit_log AUTH success user=test_owner ip=unknown
INFO 2026-05-21 10:20:50,972 pharmacy.app audit_log AUTH success user=test_customer ip=unknown
INFO 2026-05-21 10:20:50,982 pharmacy.app audit_log AUTH logout user=test_customer ip=unknown
INFO 2026-05-21 10:20:50,989 pharmacy.app audit_log AUTH success user=test_employee ip=unknown
INFO 2026-05-21 10:20:51,004 pharmacy.app audit_log AUTH logout user=test_employee ip=unknown
INFO 2026-05-21 10:20:51,011 pharmacy.app audit_log AUTH success user=test_owner ip=unknown
INFO 2026-05-21 10:20:52,574 pharmacy.app audit_log AUTH success user=test_customer ip=unknown
INFO 2026-05-21 10:20:52,587 pharmacy.app audit_log AUTH logout user=test_customer ip=unknown
INFO 2026-05-21 10:20:52,594 pharmacy.app audit_log AUTH success user=test_employee ip=unknown
INFO 2026-05-21 10:20:52,603 pharmacy.app audit_log AUTH logout user=test_employee ip=unknown
INFO 2026-05-21 10:20:52,610 pharmacy.app audit_log AUTH success user=test_owner ip=unknown
INFO 2026-05-21 10:20:54,176 pharmacy.app audit_log AUTH success user=test_customer ip=unknown
INFO 2026-05-21 10:20:54,185 pharmacy.app audit_log AUTH logout user=test_customer ip=unknown
INFO 2026-05-21 10:20:54,193 pharmacy.app audit_log AUTH success user=test_employee ip=unknown
INFO 2026-05-21 10:20:54,201 pharmacy.app audit_log AUTH logout user=test_employee ip=unknown
INFO 2026-05-21 10:20:54,209 pharmacy.app audit_log AUTH success user=test_owner ip=unknown
INFO 2026-05-21 10:20:56,536 pharmacy.app audit_log AUTH success user=test_customer ip=unknown
INFO 2026-05-21 10:20:56,546 pharmacy.app audit_log AUTH logout user=test_customer ip=unknown
INFO 2026-05-21 10:20:56,554 pharmacy.app audit_log AUTH success user=test_employee ip=unknown
INFO 2026-05-21 10:20:56,563 pharmacy.app audit_log AUTH logout user=test_employee ip=unknown
INFO 2026-05-21 10:20:56,570 pharmacy.app audit_log AUTH success user=test_owner ip=unknown
INFO 2026-05-21 10:21:01,782 pharmacy.app audit_log AUTH success user=test_customer ip=unknown
INFO 2026-05-21 10:21:01,811 pharmacy.app audit_log PURCHASE user=test_customer medication=TEST-001 qty=1 total=10.00 ip=127.0.0.1
INFO 2026-05-21 10:21:34,452 pharmacy.app audit_log AUTH success user=tester ip=unknown
WARNING 2026-05-21 10:21:34,511 pharmacy.app audit_log AUTH failure user=bad_user ip=unknown reason=invalid_credentials
INFO 2026-05-21 10:21:34,520 pharmacy.app audit_log PURCHASE user=buyer medication=MED-1 qty=2 total=20.00 ip=unknown
WARNING 2026-05-21 10:21:34,530 pharmacy.app audit_log VALIDATION form=registration ip=unknown errors={'phone': ['ошибка']}
INFO 2026-05-21 10:21:35,564 pharmacy.app audit_log AUTH success user=test_customer ip=unknown
INFO 2026-05-21 10:21:37,699 pharmacy.app audit_log AUTH success user=test_owner ip=unknown
INFO 2026-05-21 10:21:40,290 pharmacy.app audit_log AUTH success user=test_customer ip=unknown
INFO 2026-05-21 10:21:40,828 pharmacy.app audit_log AUTH success user=test_owner ip=unknown
INFO 2026-05-21 10:21:41,370 pharmacy.app audit_log AUTH success user=test_owner ip=unknown
INFO 2026-05-21 10:21:46,337 pharmacy.app audit_log AUTH success user=test_customer ip=unknown
INFO 2026-05-21 10:21:46,363 pharmacy.app audit_log AUTH logout user=test_customer ip=unknown
INFO 2026-05-21 10:21:46,371 pharmacy.app audit_log AUTH success user=test_employee ip=unknown
INFO 2026-05-21 10:21:46,397 pharmacy.app audit_log AUTH logout user=test_employee ip=unknown
INFO 2026-05-21 10:21:46,405 pharmacy.app audit_log AUTH success user=test_owner ip=unknown
INFO 2026-05-21 10:21:48,080 pharmacy.app audit_log AUTH success user=test_customer ip=unknown
INFO 2026-05-21 10:21:48,096 pharmacy.app audit_log AUTH logout user=test_customer ip=unknown
INFO 2026-05-21 10:21:48,104 pharmacy.app audit_log AUTH success user=test_employee ip=unknown
INFO 2026-05-21 10:21:48,113 pharmacy.app audit_log AUTH logout user=test_employee ip=unknown
INFO 2026-05-21 10:21:48,121 pharmacy.app audit_log AUTH success user=test_owner ip=unknown
INFO 2026-05-21 10:21:49,698 pharmacy.app audit_log AUTH success user=test_customer ip=unknown
INFO 2026-05-21 10:21:49,707 pharmacy.app audit_log AUTH logout user=test_customer ip=unknown
INFO 2026-05-21 10:21:49,714 pharmacy.app audit_log AUTH success user=test_employee ip=unknown
INFO 2026-05-21 10:21:49,728 pharmacy.app audit_log AUTH logout user=test_employee ip=unknown
INFO 2026-05-21 10:21:49,736 pharmacy.app audit_log AUTH success user=test_owner ip=unknown
INFO 2026-05-21 10:21:51,308 pharmacy.app audit_log AUTH success user=test_customer ip=unknown
INFO 2026-05-21 10:21:51,318 pharmacy.app audit_log AUTH logout user=test_customer ip=unknown
INFO 2026-05-21 10:21:51,326 pharmacy.app audit_log AUTH success user=test_employee ip=unknown
INFO 2026-05-21 10:21:51,334 pharmacy.app audit_log AUTH logout user=test_employee ip=unknown
INFO 2026-05-21 10:21:51,341 pharmacy.app audit_log AUTH success user=test_owner ip=unknown
INFO 2026-05-21 10:21:52,888 pharmacy.app audit_log AUTH success user=test_customer ip=unknown
INFO 2026-05-21 10:21:52,898 pharmacy.app audit_log AUTH logout user=test_customer ip=unknown
INFO 2026-05-21 10:21:52,905 pharmacy.app audit_log AUTH success user=test_employee ip=unknown
INFO 2026-05-21 10:21:52,913 pharmacy.app audit_log AUTH logout user=test_employee ip=unknown
INFO 2026-05-21 10:21:52,920 pharmacy.app audit_log AUTH success user=test_owner ip=unknown
INFO 2026-05-21 10:21:55,073 pharmacy.app audit_log AUTH success user=test_customer ip=unknown
INFO 2026-05-21 10:21:55,082 pharmacy.app audit_log AUTH logout user=test_customer ip=unknown
INFO 2026-05-21 10:21:55,089 pharmacy.app audit_log AUTH success user=test_employee ip=unknown
INFO 2026-05-21 10:21:55,097 pharmacy.app audit_log AUTH logout user=test_employee ip=unknown
INFO 2026-05-21 10:21:55,104 pharmacy.app audit_log AUTH success user=test_owner ip=unknown
INFO 2026-05-21 10:22:00,596 pharmacy.app audit_log AUTH success user=test_customer ip=unknown
INFO 2026-05-21 10:22:00,624 pharmacy.app audit_log PURCHASE user=test_customer medication=TEST-001 qty=1 total=10.00 ip=127.0.0.1
INFO 2026-05-21 10:22:28,154 pharmacy.app audit_log AUTH success user=test_owner ip=unknown
INFO 2026-05-21 10:22:30,753 pharmacy.app audit_log AUTH success user=test_customer ip=unknown
INFO 2026-05-21 10:22:31,295 pharmacy.app audit_log AUTH success user=test_owner ip=unknown
INFO 2026-05-21 10:22:31,839 pharmacy.app audit_log AUTH success user=test_owner ip=unknown
INFO 2026-05-21 10:22:36,779 pharmacy.app audit_log AUTH success user=test_customer ip=unknown
INFO 2026-05-21 10:22:36,804 pharmacy.app audit_log AUTH logout user=test_customer ip=unknown
INFO 2026-05-21 10:22:36,812 pharmacy.app audit_log AUTH success user=test_employee ip=unknown
INFO 2026-05-21 10:22:36,835 pharmacy.app audit_log AUTH logout user=test_employee ip=unknown
INFO 2026-05-21 10:22:36,842 pharmacy.app audit_log AUTH success user=test_owner ip=unknown
INFO 2026-05-21 10:22:38,532 pharmacy.app audit_log AUTH success user=test_customer ip=unknown
INFO 2026-05-21 10:22:38,547 pharmacy.app audit_log AUTH logout user=test_customer ip=unknown
INFO 2026-05-21 10:22:38,554 pharmacy.app audit_log AUTH success user=test_employee ip=unknown
INFO 2026-05-21 10:22:38,562 pharmacy.app audit_log AUTH logout user=test_employee ip=unknown
INFO 2026-05-21 10:22:38,569 pharmacy.app audit_log AUTH success user=test_owner ip=unknown
INFO 2026-05-21 10:22:40,120 pharmacy.app audit_log AUTH success user=test_customer ip=unknown
INFO 2026-05-21 10:22:40,129 pharmacy.app audit_log AUTH logout user=test_customer ip=unknown
INFO 2026-05-21 10:22:40,136 pharmacy.app audit_log AUTH success user=test_employee ip=unknown
INFO 2026-05-21 10:22:40,150 pharmacy.app audit_log AUTH logout user=test_employee ip=unknown
INFO 2026-05-21 10:22:40,157 pharmacy.app audit_log AUTH success user=test_owner ip=unknown
INFO 2026-05-21 10:22:41,719 pharmacy.app audit_log AUTH success user=test_customer ip=unknown
INFO 2026-05-21 10:22:41,729 pharmacy.app audit_log AUTH logout user=test_customer ip=unknown
INFO 2026-05-21 10:22:41,737 pharmacy.app audit_log AUTH success user=test_employee ip=unknown
INFO 2026-05-21 10:22:41,746 pharmacy.app audit_log AUTH logout user=test_employee ip=unknown
INFO 2026-05-21 10:22:41,754 pharmacy.app audit_log AUTH success user=test_owner ip=unknown
INFO 2026-05-21 10:22:43,314 pharmacy.app audit_log AUTH success user=test_customer ip=unknown
INFO 2026-05-21 10:22:43,323 pharmacy.app audit_log AUTH logout user=test_customer ip=unknown
INFO 2026-05-21 10:22:43,330 pharmacy.app audit_log AUTH success user=test_employee ip=unknown
INFO 2026-05-21 10:22:43,338 pharmacy.app audit_log AUTH logout user=test_employee ip=unknown
INFO 2026-05-21 10:22:43,345 pharmacy.app audit_log AUTH success user=test_owner ip=unknown
INFO 2026-05-21 10:22:45,474 pharmacy.app audit_log AUTH success user=test_customer ip=unknown
INFO 2026-05-21 10:22:45,483 pharmacy.app audit_log AUTH logout user=test_customer ip=unknown
INFO 2026-05-21 10:22:45,490 pharmacy.app audit_log AUTH success user=test_employee ip=unknown
INFO 2026-05-21 10:22:45,498 pharmacy.app audit_log AUTH logout user=test_employee ip=unknown
INFO 2026-05-21 10:22:45,505 pharmacy.app audit_log AUTH success user=test_owner ip=unknown
INFO 2026-05-21 10:22:51,017 pharmacy.app audit_log AUTH success user=test_customer ip=unknown
INFO 2026-05-21 10:22:51,045 pharmacy.app audit_log PURCHASE user=test_customer medication=TEST-001 qty=1 total=10.00 ip=127.0.0.1
INFO 2026-05-21 10:26:34,171 pharmacy.app audit_log AUTH logout user=superuser ip=127.0.0.1
WARNING 2026-05-21 10:26:43,440 pharmacy.app audit_log AUTH failure user=superuser ip=127.0.0.1 reason=invalid_credentials
INFO 2026-05-21 10:26:47,597 pharmacy.app audit_log AUTH success user=superuser ip=127.0.0.1
INFO 2026-05-21 10:26:55,209 pharmacy.app audit_log AUTH logout user=superuser ip=127.0.0.1
INFO 2026-05-21 10:27:56,518 pharmacy.app audit_log AUTH success user=test_owner ip=unknown
INFO 2026-05-21 10:27:58,907 pharmacy.app audit_log AUTH success user=test_customer ip=unknown
INFO 2026-05-21 10:27:59,442 pharmacy.app audit_log AUTH success user=test_owner ip=unknown
INFO 2026-05-21 10:27:59,951 pharmacy.app audit_log AUTH success user=test_owner ip=unknown
INFO 2026-05-21 10:28:04,197 pharmacy.app audit_log AUTH success user=test_customer ip=unknown
INFO 2026-05-21 10:28:04,218 pharmacy.app audit_log AUTH logout user=test_customer ip=unknown
INFO 2026-05-21 10:28:04,224 pharmacy.app audit_log AUTH success user=test_employee ip=unknown
INFO 2026-05-21 10:28:04,244 pharmacy.app audit_log AUTH logout user=test_employee ip=unknown
INFO 2026-05-21 10:28:04,250 pharmacy.app audit_log AUTH success user=test_owner ip=unknown
INFO 2026-05-21 10:28:05,802 pharmacy.app audit_log AUTH success user=test_customer ip=unknown
INFO 2026-05-21 10:28:05,816 pharmacy.app audit_log AUTH logout user=test_customer ip=unknown
INFO 2026-05-21 10:28:05,823 pharmacy.app audit_log AUTH success user=test_employee ip=unknown
INFO 2026-05-21 10:28:05,830 pharmacy.app audit_log AUTH logout user=test_employee ip=unknown
INFO 2026-05-21 10:28:05,836 pharmacy.app audit_log AUTH success user=test_owner ip=unknown
INFO 2026-05-21 10:28:07,214 pharmacy.app audit_log AUTH success user=test_customer ip=unknown
INFO 2026-05-21 10:28:07,223 pharmacy.app audit_log AUTH logout user=test_customer ip=unknown
INFO 2026-05-21 10:28:07,230 pharmacy.app audit_log AUTH success user=test_employee ip=unknown
INFO 2026-05-21 10:28:07,244 pharmacy.app audit_log AUTH logout user=test_employee ip=unknown
INFO 2026-05-21 10:28:07,251 pharmacy.app audit_log AUTH success user=test_owner ip=unknown
INFO 2026-05-21 10:28:08,632 pharmacy.app audit_log AUTH success user=test_customer ip=unknown
INFO 2026-05-21 10:28:08,641 pharmacy.app audit_log AUTH logout user=test_customer ip=unknown
INFO 2026-05-21 10:28:08,648 pharmacy.app audit_log AUTH success user=test_employee ip=unknown
INFO 2026-05-21 10:28:08,655 pharmacy.app audit_log AUTH logout user=test_employee ip=unknown
INFO 2026-05-21 10:28:08,662 pharmacy.app audit_log AUTH success user=test_owner ip=unknown
INFO 2026-05-21 10:28:10,175 pharmacy.app audit_log AUTH success user=test_customer ip=unknown
INFO 2026-05-21 10:28:10,183 pharmacy.app audit_log AUTH logout user=test_customer ip=unknown
INFO 2026-05-21 10:28:10,190 pharmacy.app audit_log AUTH success user=test_employee ip=unknown
INFO 2026-05-21 10:28:10,198 pharmacy.app audit_log AUTH logout user=test_employee ip=unknown
INFO 2026-05-21 10:28:10,205 pharmacy.app audit_log AUTH success user=test_owner ip=unknown
INFO 2026-05-21 10:28:12,244 pharmacy.app audit_log AUTH success user=test_customer ip=unknown
INFO 2026-05-21 10:28:12,252 pharmacy.app audit_log AUTH logout user=test_customer ip=unknown
INFO 2026-05-21 10:28:12,258 pharmacy.app audit_log AUTH success user=test_employee ip=unknown
INFO 2026-05-21 10:28:12,265 pharmacy.app audit_log AUTH logout user=test_employee ip=unknown
INFO 2026-05-21 10:28:12,271 pharmacy.app audit_log AUTH success user=test_owner ip=unknown
INFO 2026-05-21 10:28:17,061 pharmacy.app audit_log AUTH success user=test_customer ip=unknown
INFO 2026-05-21 10:28:17,086 pharmacy.app audit_log PURCHASE user=test_customer medication=TEST-001 qty=1 total=10.00 ip=127.0.0.1
INFO 2026-05-21 10:31:20,640 pharmacy.app audit_log AUTH success user=test_owner ip=unknown
INFO 2026-05-21 10:31:21,901 pharmacy.app audit_log AUTH success user=test_customer ip=unknown
INFO 2026-05-21 10:31:22,436 pharmacy.app audit_log AUTH success user=test_owner ip=unknown
INFO 2026-05-21 10:31:22,968 pharmacy.app audit_log AUTH success user=test_owner ip=unknown
INFO 2026-05-21 10:31:27,772 pharmacy.app audit_log AUTH success user=test_customer ip=unknown
INFO 2026-05-21 10:31:27,787 pharmacy.app audit_log AUTH logout user=test_customer ip=unknown
INFO 2026-05-21 10:31:27,792 pharmacy.app audit_log AUTH success user=test_employee ip=unknown
INFO 2026-05-21 10:31:27,806 pharmacy.app audit_log AUTH logout user=test_employee ip=unknown
INFO 2026-05-21 10:31:27,812 pharmacy.app audit_log AUTH success user=test_owner ip=unknown
INFO 2026-05-21 10:31:29,395 pharmacy.app audit_log AUTH success user=test_customer ip=unknown
INFO 2026-05-21 10:31:29,404 pharmacy.app audit_log AUTH logout user=test_customer ip=unknown
INFO 2026-05-21 10:31:29,409 pharmacy.app audit_log AUTH success user=test_employee ip=unknown
INFO 2026-05-21 10:31:29,415 pharmacy.app audit_log AUTH logout user=test_employee ip=unknown
INFO 2026-05-21 10:31:29,420 pharmacy.app audit_log AUTH success user=test_owner ip=unknown
INFO 2026-05-21 10:31:30,957 pharmacy.app audit_log AUTH success user=test_customer ip=unknown
INFO 2026-05-21 10:31:30,963 pharmacy.app audit_log AUTH logout user=test_customer ip=unknown
INFO 2026-05-21 10:31:30,968 pharmacy.app audit_log AUTH success user=test_employee ip=unknown
INFO 2026-05-21 10:31:30,978 pharmacy.app audit_log AUTH logout user=test_employee ip=unknown
INFO 2026-05-21 10:31:30,983 pharmacy.app audit_log AUTH success user=test_owner ip=unknown
INFO 2026-05-21 10:31:32,527 pharmacy.app audit_log AUTH success user=test_customer ip=unknown
INFO 2026-05-21 10:31:32,534 pharmacy.app audit_log AUTH logout user=test_customer ip=unknown
INFO 2026-05-21 10:31:32,538 pharmacy.app audit_log AUTH success user=test_employee ip=unknown
INFO 2026-05-21 10:31:32,544 pharmacy.app audit_log AUTH logout user=test_employee ip=unknown
INFO 2026-05-21 10:31:32,548 pharmacy.app audit_log AUTH success user=test_owner ip=unknown
INFO 2026-05-21 10:31:34,086 pharmacy.app audit_log AUTH success user=test_customer ip=unknown
INFO 2026-05-21 10:31:34,092 pharmacy.app audit_log AUTH logout user=test_customer ip=unknown
INFO 2026-05-21 10:31:34,096 pharmacy.app audit_log AUTH success user=test_employee ip=unknown
INFO 2026-05-21 10:31:34,102 pharmacy.app audit_log AUTH logout user=test_employee ip=unknown
INFO 2026-05-21 10:31:34,107 pharmacy.app audit_log AUTH success user=test_owner ip=unknown
INFO 2026-05-21 10:31:36,223 pharmacy.app audit_log AUTH success user=test_customer ip=unknown
INFO 2026-05-21 10:31:36,230 pharmacy.app audit_log AUTH logout user=test_customer ip=unknown
INFO 2026-05-21 10:31:36,235 pharmacy.app audit_log AUTH success user=test_employee ip=unknown
INFO 2026-05-21 10:31:36,240 pharmacy.app audit_log AUTH logout user=test_employee ip=unknown
INFO 2026-05-21 10:31:36,245 pharmacy.app audit_log AUTH success user=test_owner ip=unknown
INFO 2026-05-21 10:31:41,381 pharmacy.app audit_log AUTH success user=test_customer ip=unknown
INFO 2026-05-21 10:31:41,399 pharmacy.app audit_log PURCHASE user=test_customer medication=TEST-001 qty=1 total=10.00 ip=127.0.0.1
INFO 2026-05-21 13:29:10,683 pharmacy.app audit_log AUTH success user=test_owner ip=unknown
INFO 2026-05-21 13:29:11,903 pharmacy.app audit_log AUTH success user=test_customer ip=unknown
INFO 2026-05-21 13:29:12,433 pharmacy.app audit_log AUTH success user=test_owner ip=unknown
INFO 2026-05-21 13:29:12,952 pharmacy.app audit_log AUTH success user=test_owner ip=unknown
INFO 2026-05-21 13:29:17,507 pharmacy.app audit_log AUTH success user=test_customer ip=unknown
INFO 2026-05-21 13:29:17,521 pharmacy.app audit_log AUTH logout user=test_customer ip=unknown
INFO 2026-05-21 13:29:17,526 pharmacy.app audit_log AUTH success user=test_employee ip=unknown
INFO 2026-05-21 13:29:17,539 pharmacy.app audit_log AUTH logout user=test_employee ip=unknown
INFO 2026-05-21 13:29:17,544 pharmacy.app audit_log AUTH success user=test_owner ip=unknown
INFO 2026-05-21 13:29:19,040 pharmacy.app audit_log AUTH success user=test_customer ip=unknown
INFO 2026-05-21 13:29:19,049 pharmacy.app audit_log AUTH logout user=test_customer ip=unknown
INFO 2026-05-21 13:29:19,054 pharmacy.app audit_log AUTH success user=test_employee ip=unknown
INFO 2026-05-21 13:29:19,060 pharmacy.app audit_log AUTH logout user=test_employee ip=unknown
INFO 2026-05-21 13:29:19,064 pharmacy.app audit_log AUTH success user=test_owner ip=unknown
INFO 2026-05-21 13:29:20,556 pharmacy.app audit_log AUTH success user=test_customer ip=unknown
INFO 2026-05-21 13:29:20,562 pharmacy.app audit_log AUTH logout user=test_customer ip=unknown
INFO 2026-05-21 13:29:20,567 pharmacy.app audit_log AUTH success user=test_employee ip=unknown
INFO 2026-05-21 13:29:20,576 pharmacy.app audit_log AUTH logout user=test_employee ip=unknown
INFO 2026-05-21 13:29:20,581 pharmacy.app audit_log AUTH success user=test_owner ip=unknown
INFO 2026-05-21 13:29:22,066 pharmacy.app audit_log AUTH success user=test_customer ip=unknown
INFO 2026-05-21 13:29:22,072 pharmacy.app audit_log AUTH logout user=test_customer ip=unknown
INFO 2026-05-21 13:29:22,077 pharmacy.app audit_log AUTH success user=test_employee ip=unknown
INFO 2026-05-21 13:29:22,082 pharmacy.app audit_log AUTH logout user=test_employee ip=unknown
INFO 2026-05-21 13:29:22,087 pharmacy.app audit_log AUTH success user=test_owner ip=unknown
INFO 2026-05-21 13:29:23,571 pharmacy.app audit_log AUTH success user=test_customer ip=unknown
INFO 2026-05-21 13:29:23,577 pharmacy.app audit_log AUTH logout user=test_customer ip=unknown
INFO 2026-05-21 13:29:23,582 pharmacy.app audit_log AUTH success user=test_employee ip=unknown
INFO 2026-05-21 13:29:23,587 pharmacy.app audit_log AUTH logout user=test_employee ip=unknown
INFO 2026-05-21 13:29:23,592 pharmacy.app audit_log AUTH success user=test_owner ip=unknown
INFO 2026-05-21 13:29:25,735 pharmacy.app audit_log AUTH success user=test_customer ip=unknown
INFO 2026-05-21 13:29:25,742 pharmacy.app audit_log AUTH logout user=test_customer ip=unknown
INFO 2026-05-21 13:29:25,746 pharmacy.app audit_log AUTH success user=test_employee ip=unknown
INFO 2026-05-21 13:29:25,752 pharmacy.app audit_log AUTH logout user=test_employee ip=unknown
INFO 2026-05-21 13:29:25,756 pharmacy.app audit_log AUTH success user=test_owner ip=unknown
INFO 2026-05-21 13:29:29,558 pharmacy.app audit_log AUTH success user=test_customer ip=unknown
INFO 2026-05-21 13:29:29,574 pharmacy.app audit_log PURCHASE user=test_customer medication=TEST-001 qty=1 total=10.00 ip=127.0.0.1
INFO 2026-05-21 13:59:53,861 pharmacy.app audit_log AUTH success user=test_owner ip=unknown
INFO 2026-05-21 13:59:56,519 pharmacy.app audit_log AUTH success user=test_customer ip=unknown
INFO 2026-05-21 13:59:57,061 pharmacy.app audit_log AUTH success user=test_owner ip=unknown
INFO 2026-05-21 13:59:57,612 pharmacy.app audit_log AUTH success user=test_owner ip=unknown
INFO 2026-05-21 14:00:02,577 pharmacy.app audit_log AUTH success user=test_customer ip=unknown
INFO 2026-05-21 14:00:02,601 pharmacy.app audit_log AUTH logout user=test_customer ip=unknown
INFO 2026-05-21 14:00:02,608 pharmacy.app audit_log AUTH success user=test_employee ip=unknown
INFO 2026-05-21 14:00:02,633 pharmacy.app audit_log AUTH logout user=test_employee ip=unknown
INFO 2026-05-21 14:00:02,640 pharmacy.app audit_log AUTH success user=test_owner ip=unknown
INFO 2026-05-21 14:00:04,328 pharmacy.app audit_log AUTH success user=test_customer ip=unknown
INFO 2026-05-21 14:00:04,344 pharmacy.app audit_log AUTH logout user=test_customer ip=unknown
INFO 2026-05-21 14:00:04,352 pharmacy.app audit_log AUTH success user=test_employee ip=unknown
INFO 2026-05-21 14:00:04,361 pharmacy.app audit_log AUTH logout user=test_employee ip=unknown
INFO 2026-05-21 14:00:04,368 pharmacy.app audit_log AUTH success user=test_owner ip=unknown
INFO 2026-05-21 14:00:05,966 pharmacy.app audit_log AUTH success user=test_customer ip=unknown
INFO 2026-05-21 14:00:05,976 pharmacy.app audit_log AUTH logout user=test_customer ip=unknown
INFO 2026-05-21 14:00:05,983 pharmacy.app audit_log AUTH success user=test_employee ip=unknown
INFO 2026-05-21 14:00:05,998 pharmacy.app audit_log AUTH logout user=test_employee ip=unknown
INFO 2026-05-21 14:00:06,006 pharmacy.app audit_log AUTH success user=test_owner ip=unknown
INFO 2026-05-21 14:00:07,594 pharmacy.app audit_log AUTH success user=test_customer ip=unknown
INFO 2026-05-21 14:00:07,603 pharmacy.app audit_log AUTH logout user=test_customer ip=unknown
INFO 2026-05-21 14:00:07,611 pharmacy.app audit_log AUTH success user=test_employee ip=unknown
INFO 2026-05-21 14:00:07,619 pharmacy.app audit_log AUTH logout user=test_employee ip=unknown
INFO 2026-05-21 14:00:07,626 pharmacy.app audit_log AUTH success user=test_owner ip=unknown
INFO 2026-05-21 14:00:09,187 pharmacy.app audit_log AUTH success user=test_customer ip=unknown
INFO 2026-05-21 14:00:09,197 pharmacy.app audit_log AUTH logout user=test_customer ip=unknown
INFO 2026-05-21 14:00:09,204 pharmacy.app audit_log AUTH success user=test_employee ip=unknown
INFO 2026-05-21 14:00:09,212 pharmacy.app audit_log AUTH logout user=test_employee ip=unknown
INFO 2026-05-21 14:00:09,219 pharmacy.app audit_log AUTH success user=test_owner ip=unknown
INFO 2026-05-21 14:00:10,770 pharmacy.app audit_log AUTH success user=test_customer ip=unknown
INFO 2026-05-21 14:00:10,779 pharmacy.app audit_log AUTH logout user=test_customer ip=unknown
INFO 2026-05-21 14:00:10,786 pharmacy.app audit_log AUTH success user=test_employee ip=unknown
INFO 2026-05-21 14:00:10,794 pharmacy.app audit_log AUTH logout user=test_employee ip=unknown
INFO 2026-05-21 14:00:10,801 pharmacy.app audit_log AUTH success user=test_owner ip=unknown
INFO 2026-05-21 14:00:16,053 pharmacy.app audit_log AUTH success user=test_customer ip=unknown
INFO 2026-05-21 14:00:16,082 pharmacy.app audit_log PURCHASE user=test_customer medication=TEST-001 qty=1 total=10.00 ip=127.0.0.1
INFO 2026-05-21 14:00:29,727 pharmacy.app audit_log AUTH success user=test_customer ip=unknown
INFO 2026-05-21 14:00:29,743 pharmacy.app audit_log AUTH logout user=test_customer ip=unknown
INFO 2026-05-21 14:00:29,748 pharmacy.app audit_log AUTH success user=test_employee ip=unknown
INFO 2026-05-21 14:00:29,754 pharmacy.app audit_log AUTH logout user=test_employee ip=unknown
INFO 2026-05-21 14:00:29,759 pharmacy.app audit_log AUTH success user=test_owner ip=unknown
INFO 2026-05-21 14:00:44,026 pharmacy.app audit_log AUTH success user=test_customer ip=unknown
INFO 2026-05-21 14:00:44,043 pharmacy.app audit_log AUTH logout user=test_customer ip=unknown
INFO 2026-05-21 14:00:44,048 pharmacy.app audit_log AUTH success user=test_employee ip=unknown
INFO 2026-05-21 14:00:44,054 pharmacy.app audit_log AUTH logout user=test_employee ip=unknown
INFO 2026-05-21 14:00:44,059 pharmacy.app audit_log AUTH success user=test_owner ip=unknown
INFO 2026-05-21 14:01:13,021 pharmacy.app audit_log AUTH success user=test_owner ip=unknown
INFO 2026-05-21 14:01:14,270 pharmacy.app audit_log AUTH success user=test_customer ip=unknown
INFO 2026-05-21 14:01:14,801 pharmacy.app audit_log AUTH success user=test_owner ip=unknown
INFO 2026-05-21 14:01:15,329 pharmacy.app audit_log AUTH success user=test_owner ip=unknown
INFO 2026-05-21 14:01:20,055 pharmacy.app audit_log AUTH success user=test_customer ip=unknown
INFO 2026-05-21 14:01:20,070 pharmacy.app audit_log AUTH logout user=test_customer ip=unknown
INFO 2026-05-21 14:01:20,075 pharmacy.app audit_log AUTH success user=test_employee ip=unknown
INFO 2026-05-21 14:01:20,088 pharmacy.app audit_log AUTH logout user=test_employee ip=unknown
INFO 2026-05-21 14:01:20,093 pharmacy.app audit_log AUTH success user=test_owner ip=unknown
INFO 2026-05-21 14:01:21,640 pharmacy.app audit_log AUTH success user=test_customer ip=unknown
INFO 2026-05-21 14:01:21,650 pharmacy.app audit_log AUTH logout user=test_customer ip=unknown
INFO 2026-05-21 14:01:21,655 pharmacy.app audit_log AUTH success user=test_employee ip=unknown
INFO 2026-05-21 14:01:21,660 pharmacy.app audit_log AUTH logout user=test_employee ip=unknown
INFO 2026-05-21 14:01:21,726 pharmacy.app audit_log AUTH success user=test_owner ip=unknown
INFO 2026-05-21 14:01:23,262 pharmacy.app audit_log AUTH success user=test_customer ip=unknown
INFO 2026-05-21 14:01:23,268 pharmacy.app audit_log AUTH logout user=test_customer ip=unknown
INFO 2026-05-21 14:01:23,273 pharmacy.app audit_log AUTH success user=test_employee ip=unknown
INFO 2026-05-21 14:01:23,281 pharmacy.app audit_log AUTH logout user=test_employee ip=unknown
INFO 2026-05-21 14:01:23,286 pharmacy.app audit_log AUTH success user=test_owner ip=unknown
INFO 2026-05-21 14:01:24,812 pharmacy.app audit_log AUTH success user=test_customer ip=unknown
INFO 2026-05-21 14:01:24,818 pharmacy.app audit_log AUTH logout user=test_customer ip=unknown
INFO 2026-05-21 14:01:24,822 pharmacy.app audit_log AUTH success user=test_employee ip=unknown
INFO 2026-05-21 14:01:24,827 pharmacy.app audit_log AUTH logout user=test_employee ip=unknown
INFO 2026-05-21 14:01:24,832 pharmacy.app audit_log AUTH success user=test_owner ip=unknown
INFO 2026-05-21 14:01:26,367 pharmacy.app audit_log AUTH success user=test_customer ip=unknown
INFO 2026-05-21 14:01:26,374 pharmacy.app audit_log AUTH logout user=test_customer ip=unknown
INFO 2026-05-21 14:01:26,378 pharmacy.app audit_log AUTH success user=test_employee ip=unknown
INFO 2026-05-21 14:01:26,383 pharmacy.app audit_log AUTH logout user=test_employee ip=unknown
INFO 2026-05-21 14:01:26,388 pharmacy.app audit_log AUTH success user=test_owner ip=unknown
INFO 2026-05-21 14:01:28,738 pharmacy.app audit_log AUTH success user=test_customer ip=unknown
INFO 2026-05-21 14:01:28,744 pharmacy.app audit_log AUTH logout user=test_customer ip=unknown
INFO 2026-05-21 14:01:28,749 pharmacy.app audit_log AUTH success user=test_employee ip=unknown
INFO 2026-05-21 14:01:28,754 pharmacy.app audit_log AUTH logout user=test_employee ip=unknown
INFO 2026-05-21 14:01:28,759 pharmacy.app audit_log AUTH success user=test_owner ip=unknown
INFO 2026-05-21 14:01:33,933 pharmacy.app audit_log AUTH success user=test_customer ip=unknown
INFO 2026-05-21 14:01:33,952 pharmacy.app audit_log PURCHASE user=test_customer medication=TEST-001 qty=1 total=10.00 ip=127.0.0.1
INFO 2026-05-21 15:08:27,585 pharmacy.app audit_log AUTH success user=test_employee ip=unknown
WARNING 2026-05-21 15:08:28,304 pharmacy.app audit_log VALIDATION form=staff_purchase ip=127.0.0.1 errors=<ul class="errorlist"><li>purchased_at<ul class="errorlist" id="id_purchased_at_error"><li>Дата не может быть в будущем.</li></ul></li></ul>
INFO 2026-05-21 15:08:29,371 pharmacy.app audit_log AUTH success user=test_employee ip=unknown
INFO 2026-05-21 15:08:29,380 pharmacy.app audit_log PURCHASE user=test_employee medication=TEST-001 qty=2 total=20.00 ip=127.0.0.1
INFO 2026-05-21 15:08:30,984 pharmacy.app audit_log AUTH success user=test_customer ip=unknown
INFO 2026-05-21 15:08:30,992 pharmacy.app audit_log AUTH logout user=test_customer ip=unknown
INFO 2026-05-21 15:08:30,997 pharmacy.app audit_log AUTH success user=test_employee ip=unknown
INFO 2026-05-21 15:08:31,006 pharmacy.app audit_log AUTH logout user=test_employee ip=unknown
INFO 2026-05-21 15:08:31,011 pharmacy.app audit_log AUTH success user=test_owner ip=unknown
INFO 2026-05-21 15:08:32,536 pharmacy.app audit_log AUTH success user=test_customer ip=unknown
INFO 2026-05-21 15:08:32,543 pharmacy.app audit_log AUTH logout user=test_customer ip=unknown
INFO 2026-05-21 15:08:32,548 pharmacy.app audit_log AUTH success user=test_employee ip=unknown
INFO 2026-05-21 15:08:32,563 pharmacy.app audit_log AUTH logout user=test_employee ip=unknown
INFO 2026-05-21 15:08:32,568 pharmacy.app audit_log AUTH success user=test_owner ip=unknown
INFO 2026-05-21 15:08:50,167 pharmacy.app audit_log AUTH success user=test_employee ip=unknown
INFO 2026-05-21 15:08:50,874 pharmacy.app audit_log PURCHASE user=test_employee medication=TEST-001 qty=2 total=20.00 ip=127.0.0.1
INFO 2026-05-21 15:08:51,904 pharmacy.app audit_log AUTH success user=test_employee ip=unknown
WARNING 2026-05-21 15:08:51,913 pharmacy.app audit_log VALIDATION form=staff_purchase ip=127.0.0.1 errors=<ul class="errorlist"><li>purchased_at<ul class="errorlist" id="id_purchased_at_error"><li>Дата не может быть в будущем.</li></ul></li></ul>
INFO 2026-05-25 11:19:35,204 pharmacy.app audit_log AUTH success user=test_employee ip=unknown
INFO 2026-05-25 11:19:35,920 pharmacy.app audit_log SALE user=test_employee medication=TEST-001 qty=3 total=30.00 ip=127.0.0.1
INFO 2026-05-25 11:19:37,464 pharmacy.app audit_log AUTH success user=test_customer ip=unknown
INFO 2026-05-25 11:19:37,480 pharmacy.app audit_log AUTH logout user=test_customer ip=unknown
INFO 2026-05-25 11:19:37,485 pharmacy.app audit_log AUTH success user=test_employee ip=unknown
INFO 2026-05-25 11:19:37,500 pharmacy.app audit_log AUTH logout user=test_employee ip=unknown
INFO 2026-05-25 11:19:37,505 pharmacy.app audit_log AUTH success user=test_owner ip=unknown
INFO 2026-05-25 11:19:39,009 pharmacy.app audit_log AUTH success user=test_customer ip=unknown
INFO 2026-05-25 11:19:39,015 pharmacy.app audit_log AUTH logout user=test_customer ip=unknown
INFO 2026-05-25 11:19:39,020 pharmacy.app audit_log AUTH success user=test_employee ip=unknown
INFO 2026-05-25 11:19:39,046 pharmacy.app audit_log AUTH logout user=test_employee ip=unknown
INFO 2026-05-25 11:19:39,051 pharmacy.app audit_log AUTH success user=test_owner ip=unknown
INFO 2026-05-25 12:34:36,288 pharmacy.app audit_log AUTH success user=superuser ip=127.0.0.1
INFO 2026-05-25 12:36:57,101 pharmacy.app audit_log AUTH logout user=superuser ip=127.0.0.1
INFO 2026-05-25 12:37:06,990 pharmacy.app audit_log AUTH success user=emp_ivanov ip=127.0.0.1
WARNING 2026-05-25 12:37:32,907 pharmacy.app audit_log VALIDATION form=employee_sale ip=127.0.0.1 errors=<ul class="errorlist"><li>sold_at<ul class="errorlist" id="id_sold_at_error"><li>Дата не может быть в будущем.</li></ul></li></ul>
INFO 2026-05-25 12:37:37,709 pharmacy.app audit_log AUTH logout user=emp_ivanov ip=127.0.0.1
INFO 2026-05-25 12:46:49,764 pharmacy.app audit_log AUTH success user=test_customer ip=unknown
INFO 2026-05-25 12:46:49,780 pharmacy.app audit_log AUTH logout user=test_customer ip=unknown
INFO 2026-05-25 12:46:49,785 pharmacy.app audit_log AUTH success user=test_employee ip=unknown
INFO 2026-05-25 12:46:49,801 pharmacy.app audit_log AUTH logout user=test_employee ip=unknown
INFO 2026-05-25 12:46:49,806 pharmacy.app audit_log AUTH success user=test_owner ip=unknown
INFO 2026-05-25 12:46:51,366 pharmacy.app audit_log AUTH success user=test_customer ip=unknown
INFO 2026-05-25 12:46:51,375 pharmacy.app audit_log AUTH logout user=test_customer ip=unknown
INFO 2026-05-25 12:46:51,380 pharmacy.app audit_log AUTH success user=test_employee ip=unknown
INFO 2026-05-25 12:46:51,386 pharmacy.app audit_log AUTH logout user=test_employee ip=unknown
INFO 2026-05-25 12:46:51,390 pharmacy.app audit_log AUTH success user=test_owner ip=unknown
INFO 2026-05-25 12:46:52,936 pharmacy.app audit_log AUTH success user=test_customer ip=unknown
INFO 2026-05-25 12:46:52,942 pharmacy.app audit_log AUTH logout user=test_customer ip=unknown
INFO 2026-05-25 12:46:52,946 pharmacy.app audit_log AUTH success user=test_employee ip=unknown
INFO 2026-05-25 12:46:52,956 pharmacy.app audit_log AUTH logout user=test_employee ip=unknown
INFO 2026-05-25 12:46:52,961 pharmacy.app audit_log AUTH success user=test_owner ip=unknown
INFO 2026-05-25 12:46:54,504 pharmacy.app audit_log AUTH success user=test_customer ip=unknown
INFO 2026-05-25 12:46:54,511 pharmacy.app audit_log AUTH logout user=test_customer ip=unknown
INFO 2026-05-25 12:46:54,515 pharmacy.app audit_log AUTH success user=test_employee ip=unknown
INFO 2026-05-25 12:46:54,527 pharmacy.app audit_log AUTH logout user=test_employee ip=unknown
INFO 2026-05-25 12:46:54,532 pharmacy.app audit_log AUTH success user=test_owner ip=unknown
INFO 2026-05-25 12:46:56,074 pharmacy.app audit_log AUTH success user=test_customer ip=unknown
INFO 2026-05-25 12:46:56,081 pharmacy.app audit_log AUTH logout user=test_customer ip=unknown
INFO 2026-05-25 12:46:56,085 pharmacy.app audit_log AUTH success user=test_employee ip=unknown
INFO 2026-05-25 12:46:56,091 pharmacy.app audit_log AUTH logout user=test_employee ip=unknown
INFO 2026-05-25 12:46:56,095 pharmacy.app audit_log AUTH success user=test_owner ip=unknown
INFO 2026-05-25 12:46:57,678 pharmacy.app audit_log AUTH success user=test_customer ip=unknown
INFO 2026-05-25 12:46:57,685 pharmacy.app audit_log AUTH logout user=test_customer ip=unknown
INFO 2026-05-25 12:46:57,690 pharmacy.app audit_log AUTH success user=test_employee ip=unknown
INFO 2026-05-25 12:46:57,695 pharmacy.app audit_log AUTH logout user=test_employee ip=unknown
INFO 2026-05-25 12:46:57,700 pharmacy.app audit_log AUTH success user=test_owner ip=unknown
INFO 2026-05-25 12:47:00,002 pharmacy.app audit_log AUTH success user=test_customer ip=unknown
INFO 2026-05-25 12:47:00,008 pharmacy.app audit_log AUTH logout user=test_customer ip=unknown
INFO 2026-05-25 12:47:00,013 pharmacy.app audit_log AUTH success user=test_employee ip=unknown
INFO 2026-05-25 12:47:00,020 pharmacy.app audit_log AUTH logout user=test_employee ip=unknown
INFO 2026-05-25 12:47:00,025 pharmacy.app audit_log AUTH success user=test_owner ip=unknown
INFO 2026-05-25 12:47:01,605 pharmacy.app audit_log AUTH success user=test_customer ip=unknown
INFO 2026-05-25 12:47:01,611 pharmacy.app audit_log AUTH logout user=test_customer ip=unknown
INFO 2026-05-25 12:47:01,616 pharmacy.app audit_log AUTH success user=test_employee ip=unknown
INFO 2026-05-25 12:47:01,625 pharmacy.app audit_log AUTH logout user=test_employee ip=unknown
INFO 2026-05-25 12:47:01,630 pharmacy.app audit_log AUTH success user=test_owner ip=unknown
INFO 2026-05-25 12:47:03,164 pharmacy.app audit_log AUTH success user=test_customer ip=unknown
INFO 2026-05-25 12:47:03,170 pharmacy.app audit_log AUTH logout user=test_customer ip=unknown
INFO 2026-05-25 12:47:03,174 pharmacy.app audit_log AUTH success user=test_employee ip=unknown
INFO 2026-05-25 12:47:03,189 pharmacy.app audit_log AUTH logout user=test_employee ip=unknown
INFO 2026-05-25 12:47:03,194 pharmacy.app audit_log AUTH success user=test_owner ip=unknown
INFO 2026-05-25 12:47:04,147 pharmacy.app audit_log AUTH success user=test_employee ip=unknown
INFO 2026-05-25 12:47:04,155 pharmacy.app audit_log SALE user=test_employee medication=TEST-001 qty=3 total=30.00 ip=127.0.0.1
INFO 2026-05-25 12:48:19,115 pharmacy.app audit_log AUTH success user=superuser ip=127.0.0.1
INFO 2026-05-25 12:48:38,118 pharmacy.app audit_log SALE user=superuser medication=MED-006 qty=5 total=123.00 ip=127.0.0.1
INFO 2026-05-25 12:49:10,857 pharmacy.app audit_log AUTH logout user=superuser ip=127.0.0.1
WARNING 2026-05-25 12:50:09,846 pharmacy.app audit_log VALIDATION form=registration ip=127.0.0.1 errors=<ul class="errorlist"><li>email<ul class="errorlist" id="id_email_error"><li>Введите правильный адрес электронной почты.</li></ul></li><li>birth_date<ul class="errorlist" id="id_birth_date_error"><li>Возраст должен быть не менее 18 лет.</li></ul></li><li>phone<ul class="errorlist" id="id_phone_error"><li>Телефон должен быть в формате +375 (29) XXX-XX-XX.</li></ul></li><li>password2<ul class="errorlist" id="id_password2_error"><li>Введенные пароли не совпадают.</li></ul></li></ul>
INFO 2026-05-25 06:01:40,478 pharmacy.app audit_log AUTH success user=superuser ip=127.0.0.1
INFO 2026-05-25 07:10:33,186 pharmacy.app audit_log AUTH success user=test_owner ip=unknown
INFO 2026-05-25 07:10:35,783 pharmacy.app audit_log AUTH success user=test_customer ip=unknown
INFO 2026-05-25 07:10:36,396 pharmacy.app audit_log AUTH success user=test_owner ip=unknown
INFO 2026-05-25 07:10:36,946 pharmacy.app audit_log AUTH success user=test_owner ip=unknown
INFO 2026-05-25 07:10:41,905 pharmacy.app audit_log AUTH success user=test_customer ip=unknown
INFO 2026-05-25 07:10:41,932 pharmacy.app audit_log AUTH logout user=test_customer ip=unknown
INFO 2026-05-25 07:10:41,940 pharmacy.app audit_log AUTH success user=test_employee ip=unknown
INFO 2026-05-25 07:10:41,968 pharmacy.app audit_log AUTH logout user=test_employee ip=unknown
INFO 2026-05-25 07:10:41,975 pharmacy.app audit_log AUTH success user=test_owner ip=unknown
INFO 2026-05-25 07:10:43,577 pharmacy.app audit_log AUTH success user=test_customer ip=unknown
INFO 2026-05-25 07:10:43,592 pharmacy.app audit_log AUTH logout user=test_customer ip=unknown
INFO 2026-05-25 07:10:43,599 pharmacy.app audit_log AUTH success user=test_employee ip=unknown
INFO 2026-05-25 07:10:43,607 pharmacy.app audit_log AUTH logout user=test_employee ip=unknown
INFO 2026-05-25 07:10:43,615 pharmacy.app audit_log AUTH success user=test_owner ip=unknown
INFO 2026-05-25 07:10:45,174 pharmacy.app audit_log AUTH success user=test_customer ip=unknown
INFO 2026-05-25 07:10:45,183 pharmacy.app audit_log AUTH logout user=test_customer ip=unknown
INFO 2026-05-25 07:10:45,191 pharmacy.app audit_log AUTH success user=test_employee ip=unknown
INFO 2026-05-25 07:10:45,208 pharmacy.app audit_log AUTH logout user=test_employee ip=unknown
INFO 2026-05-25 07:10:45,215 pharmacy.app audit_log AUTH success user=test_owner ip=unknown
INFO 2026-05-25 07:10:46,768 pharmacy.app audit_log AUTH success user=test_customer ip=unknown
INFO 2026-05-25 07:10:46,778 pharmacy.app audit_log AUTH logout user=test_customer ip=unknown
INFO 2026-05-25 07:10:46,786 pharmacy.app audit_log AUTH success user=test_employee ip=unknown
INFO 2026-05-25 07:10:46,809 pharmacy.app audit_log AUTH logout user=test_employee ip=unknown
INFO 2026-05-25 07:10:46,817 pharmacy.app audit_log AUTH success user=test_owner ip=unknown
INFO 2026-05-25 07:10:48,378 pharmacy.app audit_log AUTH success user=test_customer ip=unknown
INFO 2026-05-25 07:10:48,387 pharmacy.app audit_log AUTH logout user=test_customer ip=unknown
INFO 2026-05-25 07:10:48,394 pharmacy.app audit_log AUTH success user=test_employee ip=unknown
INFO 2026-05-25 07:10:48,402 pharmacy.app audit_log AUTH logout user=test_employee ip=unknown
INFO 2026-05-25 07:10:48,409 pharmacy.app audit_log AUTH success user=test_owner ip=unknown
INFO 2026-05-25 07:10:49,963 pharmacy.app audit_log AUTH success user=test_customer ip=unknown
INFO 2026-05-25 07:10:49,972 pharmacy.app audit_log AUTH logout user=test_customer ip=unknown
INFO 2026-05-25 07:10:49,979 pharmacy.app audit_log AUTH success user=test_employee ip=unknown
INFO 2026-05-25 07:10:49,988 pharmacy.app audit_log AUTH logout user=test_employee ip=unknown
INFO 2026-05-25 07:10:49,995 pharmacy.app audit_log AUTH success user=test_owner ip=unknown
INFO 2026-05-25 07:10:53,165 pharmacy.app audit_log AUTH success user=test_customer ip=unknown
INFO 2026-05-25 07:10:53,175 pharmacy.app audit_log AUTH logout user=test_customer ip=unknown
INFO 2026-05-25 07:10:53,183 pharmacy.app audit_log AUTH success user=test_employee ip=unknown
INFO 2026-05-25 07:10:53,191 pharmacy.app audit_log AUTH logout user=test_employee ip=unknown
INFO 2026-05-25 07:10:53,198 pharmacy.app audit_log AUTH success user=test_owner ip=unknown
INFO 2026-05-25 07:10:54,761 pharmacy.app audit_log AUTH success user=test_customer ip=unknown
INFO 2026-05-25 07:10:54,771 pharmacy.app audit_log AUTH logout user=test_customer ip=unknown
INFO 2026-05-25 07:10:54,778 pharmacy.app audit_log AUTH success user=test_employee ip=unknown
INFO 2026-05-25 07:10:54,798 pharmacy.app audit_log AUTH logout user=test_employee ip=unknown
INFO 2026-05-25 07:10:54,806 pharmacy.app audit_log AUTH success user=test_owner ip=unknown
INFO 2026-05-25 07:10:56,362 pharmacy.app audit_log AUTH success user=test_customer ip=unknown
INFO 2026-05-25 07:10:56,372 pharmacy.app audit_log AUTH logout user=test_customer ip=unknown
INFO 2026-05-25 07:10:56,379 pharmacy.app audit_log AUTH success user=test_employee ip=unknown
INFO 2026-05-25 07:10:56,402 pharmacy.app audit_log AUTH logout user=test_employee ip=unknown
INFO 2026-05-25 07:10:56,409 pharmacy.app audit_log AUTH success user=test_owner ip=unknown
INFO 2026-05-25 07:11:03,150 pharmacy.app audit_log AUTH success user=test_owner ip=unknown
INFO 2026-05-25 07:11:03,696 pharmacy.app audit_log AUTH success user=test_employee ip=unknown
INFO 2026-05-25 07:11:03,708 pharmacy.app audit_log SALE user=test_employee medication=TEST-001 qty=3 total=30.00 ip=127.0.0.1
INFO 2026-05-25 07:11:04,952 pharmacy.app audit_log AUTH success user=test_employee ip=unknown
WARNING 2026-05-25 07:11:04,966 pharmacy.app audit_log VALIDATION form=staff_purchase ip=127.0.0.1 errors=<ul class="errorlist"><li>purchased_at<ul class="errorlist" id="id_purchased_at_error"><li>Дата не может быть в будущем.</li></ul></li></ul>
INFO 2026-05-25 07:11:06,028 pharmacy.app audit_log AUTH success user=test_employee ip=unknown
INFO 2026-05-25 07:11:06,046 pharmacy.app audit_log PURCHASE user=test_employee medication=TEST-001 qty=2 total=20.00 ip=127.0.0.1
INFO 2026-05-25 07:11:09,823 pharmacy.app audit_log AUTH success user=test_customer ip=unknown
INFO 2026-05-25 07:11:09,849 pharmacy.app audit_log PURCHASE user=test_customer medication=TEST-001 qty=1 total=10.00 ip=127.0.0.1
INFO 2026-05-25 07:11:22,308 pharmacy.app audit_log AUTH success user=test_owner ip=unknown
INFO 2026-05-25 07:11:24,918 pharmacy.app audit_log AUTH success user=test_customer ip=unknown
INFO 2026-05-25 07:11:25,468 pharmacy.app audit_log AUTH success user=test_owner ip=unknown
INFO 2026-05-25 07:11:26,025 pharmacy.app audit_log AUTH success user=test_owner ip=unknown
INFO 2026-05-25 07:11:31,025 pharmacy.app audit_log AUTH success user=test_customer ip=unknown
INFO 2026-05-25 07:11:31,111 pharmacy.app audit_log AUTH logout user=test_customer ip=unknown
INFO 2026-05-25 07:11:31,120 pharmacy.app audit_log AUTH success user=test_employee ip=unknown
INFO 2026-05-25 07:11:31,148 pharmacy.app audit_log AUTH logout user=test_employee ip=unknown
INFO 2026-05-25 07:11:31,156 pharmacy.app audit_log AUTH success user=test_owner ip=unknown
INFO 2026-05-25 07:11:32,764 pharmacy.app audit_log AUTH success user=test_customer ip=unknown
INFO 2026-05-25 07:11:32,779 pharmacy.app audit_log AUTH logout user=test_customer ip=unknown
INFO 2026-05-25 07:11:32,786 pharmacy.app audit_log AUTH success user=test_employee ip=unknown
INFO 2026-05-25 07:11:32,795 pharmacy.app audit_log AUTH logout user=test_employee ip=unknown
INFO 2026-05-25 07:11:32,803 pharmacy.app audit_log AUTH success user=test_owner ip=unknown
INFO 2026-05-25 07:11:34,372 pharmacy.app audit_log AUTH success user=test_customer ip=unknown
INFO 2026-05-25 07:11:34,382 pharmacy.app audit_log AUTH logout user=test_customer ip=unknown
INFO 2026-05-25 07:11:34,389 pharmacy.app audit_log AUTH success user=test_employee ip=unknown
INFO 2026-05-25 07:11:34,406 pharmacy.app audit_log AUTH logout user=test_employee ip=unknown
INFO 2026-05-25 07:11:34,413 pharmacy.app audit_log AUTH success user=test_owner ip=unknown
INFO 2026-05-25 07:11:35,962 pharmacy.app audit_log AUTH success user=test_customer ip=unknown
INFO 2026-05-25 07:11:35,974 pharmacy.app audit_log AUTH logout user=test_customer ip=unknown
INFO 2026-05-25 07:11:35,981 pharmacy.app audit_log AUTH success user=test_employee ip=unknown
INFO 2026-05-25 07:11:36,001 pharmacy.app audit_log AUTH logout user=test_employee ip=unknown
INFO 2026-05-25 07:11:36,008 pharmacy.app audit_log AUTH success user=test_owner ip=unknown
INFO 2026-05-25 07:11:37,576 pharmacy.app audit_log AUTH success user=test_customer ip=unknown
INFO 2026-05-25 07:11:37,585 pharmacy.app audit_log AUTH logout user=test_customer ip=unknown
INFO 2026-05-25 07:11:37,592 pharmacy.app audit_log AUTH success user=test_employee ip=unknown
INFO 2026-05-25 07:11:37,601 pharmacy.app audit_log AUTH logout user=test_employee ip=unknown
INFO 2026-05-25 07:11:37,608 pharmacy.app audit_log AUTH success user=test_owner ip=unknown
INFO 2026-05-25 07:11:39,173 pharmacy.app audit_log AUTH success user=test_customer ip=unknown
INFO 2026-05-25 07:11:39,182 pharmacy.app audit_log AUTH logout user=test_customer ip=unknown
INFO 2026-05-25 07:11:39,189 pharmacy.app audit_log AUTH success user=test_employee ip=unknown
INFO 2026-05-25 07:11:39,197 pharmacy.app audit_log AUTH logout user=test_employee ip=unknown
INFO 2026-05-25 07:11:39,204 pharmacy.app audit_log AUTH success user=test_owner ip=unknown
INFO 2026-05-25 07:11:41,405 pharmacy.app audit_log AUTH success user=test_customer ip=unknown
INFO 2026-05-25 07:11:41,414 pharmacy.app audit_log AUTH logout user=test_customer ip=unknown
INFO 2026-05-25 07:11:41,421 pharmacy.app audit_log AUTH success user=test_employee ip=unknown
INFO 2026-05-25 07:11:41,429 pharmacy.app audit_log AUTH logout user=test_employee ip=unknown
INFO 2026-05-25 07:11:41,436 pharmacy.app audit_log AUTH success user=test_owner ip=unknown
INFO 2026-05-25 07:11:43,048 pharmacy.app audit_log AUTH success user=test_customer ip=unknown
INFO 2026-05-25 07:11:43,058 pharmacy.app audit_log AUTH logout user=test_customer ip=unknown
INFO 2026-05-25 07:11:43,065 pharmacy.app audit_log AUTH success user=test_employee ip=unknown
INFO 2026-05-25 07:11:43,081 pharmacy.app audit_log AUTH logout user=test_employee ip=unknown
INFO 2026-05-25 07:11:43,088 pharmacy.app audit_log AUTH success user=test_owner ip=unknown
INFO 2026-05-25 07:11:44,686 pharmacy.app audit_log AUTH success user=test_customer ip=unknown
INFO 2026-05-25 07:11:44,696 pharmacy.app audit_log AUTH logout user=test_customer ip=unknown
INFO 2026-05-25 07:11:44,702 pharmacy.app audit_log AUTH success user=test_employee ip=unknown
INFO 2026-05-25 07:11:44,726 pharmacy.app audit_log AUTH logout user=test_employee ip=unknown
INFO 2026-05-25 07:11:44,733 pharmacy.app audit_log AUTH success user=test_owner ip=unknown
INFO 2026-05-25 07:11:50,733 pharmacy.app audit_log AUTH success user=test_owner ip=unknown
INFO 2026-05-25 07:11:51,280 pharmacy.app audit_log AUTH success user=test_employee ip=unknown
INFO 2026-05-25 07:11:51,292 pharmacy.app audit_log SALE user=test_employee medication=TEST-001 qty=3 total=30.00 ip=127.0.0.1
INFO 2026-05-25 07:11:52,348 pharmacy.app audit_log AUTH success user=test_employee ip=unknown
WARNING 2026-05-25 07:11:52,361 pharmacy.app audit_log VALIDATION form=staff_purchase ip=127.0.0.1 errors=<ul class="errorlist"><li>purchased_at<ul class="errorlist" id="id_purchased_at_error"><li>Дата не может быть в будущем.</li></ul></li></ul>
INFO 2026-05-25 07:11:53,428 pharmacy.app audit_log AUTH success user=test_employee ip=unknown
INFO 2026-05-25 07:11:53,442 pharmacy.app audit_log PURCHASE user=test_employee medication=TEST-001 qty=2 total=20.00 ip=127.0.0.1
INFO 2026-05-25 07:11:54,924 pharmacy.app audit_log AUTH success user=test_customer ip=unknown
INFO 2026-05-25 07:11:54,949 pharmacy.app audit_log PURCHASE user=test_customer medication=TEST-001 qty=1 total=10.00 ip=127.0.0.1
